../Core/Src/main.c:119:5:main	8	static
../Core/Src/main.c:175:6:SystemClock_Config	72	static
../Core/Src/main.c:215:13:MX_CAN_Init	48	static
../Core/Src/main.c:265:13:MX_GPIO_Init	40	static
../Core/Src/main.c:292:6:send_heinzmann_voltage_current	16	static
../Core/Src/main.c:315:6:send_heinzmann_capacity	24	static
../Core/Src/main.c:339:6:send_heinzmann_status	16	static
../Core/Src/main.c:362:6:send_heinzmann_temperature	16	static
../Core/Src/main.c:384:6:send_heinzmann_error	16	static
../Core/Src/main.c:407:6:HAL_CAN_RxFifo1MsgPendingCallback	40	static
../Core/Src/main.c:553:6:safe_CAN_send	24	static
../Core/Src/main.c:589:6:send_raw_echo_response	24	static
../Core/Src/main.c:614:6:Error_Handler	4	static,ignoring_inline_asm
